height 153
width 273
leftEmptySpace 2
rightEmptySpace 2
map
..@@@@@@@@.@@@@@@@@.@@@@@@@@.@@@@@@@@.@@@@@@@@.@@@@@@@@.@@@@@@@@.@@@@@@@@.@@@@@@@@.@@@@@@@@.@@@@@@@@.@@@@@@@@.@@@@@@@@.@@@@@@@@.@@@@@@@@.@@@@@@@@.@@@@@@@@.@@@@@@@@.@@@@@@@@.@@@@@@@@.@@@@@@@@.@@@@@@@@.@@@@@@@@.@@@@@@@@.@@@@@@@@.@@@@@@@@.@@@@@@@@.@@@@@@@@.@@@@@@@@.@@@@@@@@..
.................................................................................................................................................................................................................................................................................
..@@@@@@@@.@@@@@@@@.@@@@@@@@.@@@@@@@@.@@@@@@@@.@@@@@@@@.@@@@@@@@.@@@@@@@@.@@@@@@@@.@@@@@@@@.@@@@@@@@.@@@@@@@@.@@@@@@@@.@@@@@@@@.@@@@@@@@.@@@@@@@@.@@@@@@@@.@@@@@@@@.@@@@@@@@.@@@@@@@@.@@@@@@@@.@@@@@@@@.@@@@@@@@.@@@@@@@@.@@@@@@@@.@@@@@@@@.@@@@@@@@.@@@@@@@@.@@@@@@@@.@@@@@@@@..
..@@@@@@@@.@@@@@@@@.@@@@@@@@.@@@@@@@@.@@@@@@@@.@@@@@@@@.@@@@@@@@.@@@@@@@@.@@@@@@@@.@@@@@@@@.@@@@@@@@.@@@@@@@@.@@@@@@@@.@@@@@@@@.@@@@@@@@.@@@@@@@@.@@@@@@@@.@@@@@@@@.@@@@@@@@.@@@@@@@@.@@@@@@@@.@@@@@@@@.@@@@@@@@.@@@@@@@@.@@@@@@@@.@@@@@@@@.@@@@@@@@.@@@@@@@@.@@@@@@@@.@@@@@@@@..
.................................................................................................................................................................................................................................................................................
..@@@@@@@@.@@@@@@@@.@@@@@@@@.@@@@@@@@.@@@@@@@@.@@@@@@@@.@@@@@@@@.@@@@@@@@.@@@@@@@@.@@@@@@@@.@@@@@@@@.@@@@@@@@.@@@@@@@@.@@@@@@@@.@@@@@@@@.@@@@@@@@.@@@@@@@@.@@@@@@@@.@@@@@@@@.@@@@@@@@.@@@@@@@@.@@@@@@@@.@@@@@@@@.@@@@@@@@.@@@@@@@@.@@@@@@@@.@@@@@@@@.@@@@@@@@.@@@@@@@@.@@@@@@@@..
..@@@@@@@@.@@@@@@@@.@@@@@@@@.@@@@@@@@.@@@@@@@@.@@@@@@@@.@@@@@@@@.@@@@@@@@.@@@@@@@@.@@@@@@@@.@@@@@@@@.@@@@@@@@.@@@@@@@@.@@@@@@@@.@@@@@@@@.@@@@@@@@.@@@@@@@@.@@@@@@@@.@@@@@@@@.@@@@@@@@.@@@@@@@@.@@@@@@@@.@@@@@@@@.@@@@@@@@.@@@@@@@@.@@@@@@@@.@@@@@@@@.@@@@@@@@.@@@@@@@@.@@@@@@@@..
.................................................................................................................................................................................................................................................................................
..@@@@@@@@.@@@@@@@@.@@@@@@@@.@@@@@@@@.@@@@@@@@.@@@@@@@@.@@@@@@@@.@@@@@@@@.@@@@@@@@.@@@@@@@@.@@@@@@@@.@@@@@@@@.@@@@@@@@.@@@@@@@@.@@@@@@@@.@@@@@@@@.@@@@@@@@.@@@@@@@@.@@@@@@@@.@@@@@@@@.@@@@@@@@.@@@@@@@@.@@@@@@@@.@@@@@@@@.@@@@@@@@.@@@@@@@@.@@@@@@@@.@@@@@@@@.@@@@@@@@.@@@@@@@@..
..@@@@@@@@.@@@@@@@@.@@@@@@@@.@@@@@@@@.@@@@@@@@.@@@@@@@@.@@@@@@@@.@@@@@@@@.@@@@@@@@.@@@@@@@@.@@@@@@@@.@@@@@@@@.@@@@@@@@.@@@@@@@@.@@@@@@@@.@@@@@@@@.@@@@@@@@.@@@@@@@@.@@@@@@@@.@@@@@@@@.@@@@@@@@.@@@@@@@@.@@@@@@@@.@@@@@@@@.@@@@@@@@.@@@@@@@@.@@@@@@@@.@@@@@@@@.@@@@@@@@.@@@@@@@@..
.................................................................................................................................................................................................................................................................................
..@@@@@@@@.@@@@@@@@.@@@@@@@@.@@@@@@@@.@@@@@@@@.@@@@@@@@.@@@@@@@@.@@@@@@@@.@@@@@@@@.@@@@@@@@.@@@@@@@@.@@@@@@@@.@@@@@@@@.@@@@@@@@.@@@@@@@@.@@@@@@@@.@@@@@@@@.@@@@@@@@.@@@@@@@@.@@@@@@@@.@@@@@@@@.@@@@@@@@.@@@@@@@@.@@@@@@@@.@@@@@@@@.@@@@@@@@.@@@@@@@@.@@@@@@@@.@@@@@@@@.@@@@@@@@..
..@@@@@@@@.@@@@@@@@.@@@@@@@@.@@@@@@@@.@@@@@@@@.@@@@@@@@.@@@@@@@@.@@@@@@@@.@@@@@@@@.@@@@@@@@.@@@@@@@@.@@@@@@@@.@@@@@@@@.@@@@@@@@.@@@@@@@@.@@@@@@@@.@@@@@@@@.@@@@@@@@.@@@@@@@@.@@@@@@@@.@@@@@@@@.@@@@@@@@.@@@@@@@@.@@@@@@@@.@@@@@@@@.@@@@@@@@.@@@@@@@@.@@@@@@@@.@@@@@@@@.@@@@@@@@..
.................................................................................................................................................................................................................................................................................
..@@@@@@@@.@@@@@@@@.@@@@@@@@.@@@@@@@@.@@@@@@@@.@@@@@@@@.@@@@@@@@.@@@@@@@@.@@@@@@@@.@@@@@@@@.@@@@@@@@.@@@@@@@@.@@@@@@@@.@@@@@@@@.@@@@@@@@.@@@@@@@@.@@@@@@@@.@@@@@@@@.@@@@@@@@.@@@@@@@@.@@@@@@@@.@@@@@@@@.@@@@@@@@.@@@@@@@@.@@@@@@@@.@@@@@@@@.@@@@@@@@.@@@@@@@@.@@@@@@@@.@@@@@@@@..
..@@@@@@@@.@@@@@@@@.@@@@@@@@.@@@@@@@@.@@@@@@@@.@@@@@@@@.@@@@@@@@.@@@@@@@@.@@@@@@@@.@@@@@@@@.@@@@@@@@.@@@@@@@@.@@@@@@@@.@@@@@@@@.@@@@@@@@.@@@@@@@@.@@@@@@@@.@@@@@@@@.@@@@@@@@.@@@@@@@@.@@@@@@@@.@@@@@@@@.@@@@@@@@.@@@@@@@@.@@@@@@@@.@@@@@@@@.@@@@@@@@.@@@@@@@@.@@@@@@@@.@@@@@@@@..
.................................................................................................................................................................................................................................................................................
..@@@@@@@@.@@@@@@@@.@@@@@@@@.@@@@@@@@.@@@@@@@@.@@@@@@@@.@@@@@@@@.@@@@@@@@.@@@@@@@@.@@@@@@@@.@@@@@@@@.@@@@@@@@.@@@@@@@@.@@@@@@@@.@@@@@@@@.@@@@@@@@.@@@@@@@@.@@@@@@@@.@@@@@@@@.@@@@@@@@.@@@@@@@@.@@@@@@@@.@@@@@@@@.@@@@@@@@.@@@@@@@@.@@@@@@@@.@@@@@@@@.@@@@@@@@.@@@@@@@@.@@@@@@@@..
..@@@@@@@@.@@@@@@@@.@@@@@@@@.@@@@@@@@.@@@@@@@@.@@@@@@@@.@@@@@@@@.@@@@@@@@.@@@@@@@@.@@@@@@@@.@@@@@@@@.@@@@@@@@.@@@@@@@@.@@@@@@@@.@@@@@@@@.@@@@@@@@.@@@@@@@@.@@@@@@@@.@@@@@@@@.@@@@@@@@.@@@@@@@@.@@@@@@@@.@@@@@@@@.@@@@@@@@.@@@@@@@@.@@@@@@@@.@@@@@@@@.@@@@@@@@.@@@@@@@@.@@@@@@@@..
.................................................................................................................................................................................................................................................................................
..@@@@@@@@.@@@@@@@@.@@@@@@@@.@@@@@@@@.@@@@@@@@.@@@@@@@@.@@@@@@@@.@@@@@@@@.@@@@@@@@.@@@@@@@@.@@@@@@@@.@@@@@@@@.@@@@@@@@.@@@@@@@@.@@@@@@@@.@@@@@@@@.@@@@@@@@.@@@@@@@@.@@@@@@@@.@@@@@@@@.@@@@@@@@.@@@@@@@@.@@@@@@@@.@@@@@@@@.@@@@@@@@.@@@@@@@@.@@@@@@@@.@@@@@@@@.@@@@@@@@.@@@@@@@@..
..@@@@@@@@.@@@@@@@@.@@@@@@@@.@@@@@@@@.@@@@@@@@.@@@@@@@@.@@@@@@@@.@@@@@@@@.@@@@@@@@.@@@@@@@@.@@@@@@@@.@@@@@@@@.@@@@@@@@.@@@@@@@@.@@@@@@@@.@@@@@@@@.@@@@@@@@.@@@@@@@@.@@@@@@@@.@@@@@@@@.@@@@@@@@.@@@@@@@@.@@@@@@@@.@@@@@@@@.@@@@@@@@.@@@@@@@@.@@@@@@@@.@@@@@@@@.@@@@@@@@.@@@@@@@@..
.................................................................................................................................................................................................................................................................................
..@@@@@@@@.@@@@@@@@.@@@@@@@@.@@@@@@@@.@@@@@@@@.@@@@@@@@.@@@@@@@@.@@@@@@@@.@@@@@@@@.@@@@@@@@.@@@@@@@@.@@@@@@@@.@@@@@@@@.@@@@@@@@.@@@@@@@@.@@@@@@@@.@@@@@@@@.@@@@@@@@.@@@@@@@@.@@@@@@@@.@@@@@@@@.@@@@@@@@.@@@@@@@@.@@@@@@@@.@@@@@@@@.@@@@@@@@.@@@@@@@@.@@@@@@@@.@@@@@@@@.@@@@@@@@..
..@@@@@@@@.@@@@@@@@.@@@@@@@@.@@@@@@@@.@@@@@@@@.@@@@@@@@.@@@@@@@@.@@@@@@@@.@@@@@@@@.@@@@@@@@.@@@@@@@@.@@@@@@@@.@@@@@@@@.@@@@@@@@.@@@@@@@@.@@@@@@@@.@@@@@@@@.@@@@@@@@.@@@@@@@@.@@@@@@@@.@@@@@@@@.@@@@@@@@.@@@@@@@@.@@@@@@@@.@@@@@@@@.@@@@@@@@.@@@@@@@@.@@@@@@@@.@@@@@@@@.@@@@@@@@..
.................................................................................................................................................................................................................................................................................
..@@@@@@@@.@@@@@@@@.@@@@@@@@.@@@@@@@@.@@@@@@@@.@@@@@@@@.@@@@@@@@.@@@@@@@@.@@@@@@@@.@@@@@@@@.@@@@@@@@.@@@@@@@@.@@@@@@@@.@@@@@@@@.@@@@@@@@.@@@@@@@@.@@@@@@@@.@@@@@@@@.@@@@@@@@.@@@@@@@@.@@@@@@@@.@@@@@@@@.@@@@@@@@.@@@@@@@@.@@@@@@@@.@@@@@@@@.@@@@@@@@.@@@@@@@@.@@@@@@@@.@@@@@@@@..
..@@@@@@@@.@@@@@@@@.@@@@@@@@.@@@@@@@@.@@@@@@@@.@@@@@@@@.@@@@@@@@.@@@@@@@@.@@@@@@@@.@@@@@@@@.@@@@@@@@.@@@@@@@@.@@@@@@@@.@@@@@@@@.@@@@@@@@.@@@@@@@@.@@@@@@@@.@@@@@@@@.@@@@@@@@.@@@@@@@@.@@@@@@@@.@@@@@@@@.@@@@@@@@.@@@@@@@@.@@@@@@@@.@@@@@@@@.@@@@@@@@.@@@@@@@@.@@@@@@@@.@@@@@@@@..
.................................................................................................................................................................................................................................................................................
..@@@@@@@@.@@@@@@@@.@@@@@@@@.@@@@@@@@.@@@@@@@@.@@@@@@@@.@@@@@@@@.@@@@@@@@.@@@@@@@@.@@@@@@@@.@@@@@@@@.@@@@@@@@.@@@@@@@@.@@@@@@@@.@@@@@@@@.@@@@@@@@.@@@@@@@@.@@@@@@@@.@@@@@@@@.@@@@@@@@.@@@@@@@@.@@@@@@@@.@@@@@@@@.@@@@@@@@.@@@@@@@@.@@@@@@@@.@@@@@@@@.@@@@@@@@.@@@@@@@@.@@@@@@@@..
..@@@@@@@@.@@@@@@@@.@@@@@@@@.@@@@@@@@.@@@@@@@@.@@@@@@@@.@@@@@@@@.@@@@@@@@.@@@@@@@@.@@@@@@@@.@@@@@@@@.@@@@@@@@.@@@@@@@@.@@@@@@@@.@@@@@@@@.@@@@@@@@.@@@@@@@@.@@@@@@@@.@@@@@@@@.@@@@@@@@.@@@@@@@@.@@@@@@@@.@@@@@@@@.@@@@@@@@.@@@@@@@@.@@@@@@@@.@@@@@@@@.@@@@@@@@.@@@@@@@@.@@@@@@@@..
.................................................................................................................................................................................................................................................................................
..@@@@@@@@.@@@@@@@@.@@@@@@@@.@@@@@@@@.@@@@@@@@.@@@@@@@@.@@@@@@@@.@@@@@@@@.@@@@@@@@.@@@@@@@@.@@@@@@@@.@@@@@@@@.@@@@@@@@.@@@@@@@@.@@@@@@@@.@@@@@@@@.@@@@@@@@.@@@@@@@@.@@@@@@@@.@@@@@@@@.@@@@@@@@.@@@@@@@@.@@@@@@@@.@@@@@@@@.@@@@@@@@.@@@@@@@@.@@@@@@@@.@@@@@@@@.@@@@@@@@.@@@@@@@@..
..@@@@@@@@.@@@@@@@@.@@@@@@@@.@@@@@@@@.@@@@@@@@.@@@@@@@@.@@@@@@@@.@@@@@@@@.@@@@@@@@.@@@@@@@@.@@@@@@@@.@@@@@@@@.@@@@@@@@.@@@@@@@@.@@@@@@@@.@@@@@@@@.@@@@@@@@.@@@@@@@@.@@@@@@@@.@@@@@@@@.@@@@@@@@.@@@@@@@@.@@@@@@@@.@@@@@@@@.@@@@@@@@.@@@@@@@@.@@@@@@@@.@@@@@@@@.@@@@@@@@.@@@@@@@@..
.................................................................................................................................................................................................................................................................................
..@@@@@@@@.@@@@@@@@.@@@@@@@@.@@@@@@@@.@@@@@@@@.@@@@@@@@.@@@@@@@@.@@@@@@@@.@@@@@@@@.@@@@@@@@.@@@@@@@@.@@@@@@@@.@@@@@@@@.@@@@@@@@.@@@@@@@@.@@@@@@@@.@@@@@@@@.@@@@@@@@.@@@@@@@@.@@@@@@@@.@@@@@@@@.@@@@@@@@.@@@@@@@@.@@@@@@@@.@@@@@@@@.@@@@@@@@.@@@@@@@@.@@@@@@@@.@@@@@@@@.@@@@@@@@..
..@@@@@@@@.@@@@@@@@.@@@@@@@@.@@@@@@@@.@@@@@@@@.@@@@@@@@.@@@@@@@@.@@@@@@@@.@@@@@@@@.@@@@@@@@.@@@@@@@@.@@@@@@@@.@@@@@@@@.@@@@@@@@.@@@@@@@@.@@@@@@@@.@@@@@@@@.@@@@@@@@.@@@@@@@@.@@@@@@@@.@@@@@@@@.@@@@@@@@.@@@@@@@@.@@@@@@@@.@@@@@@@@.@@@@@@@@.@@@@@@@@.@@@@@@@@.@@@@@@@@.@@@@@@@@..
.................................................................................................................................................................................................................................................................................
..@@@@@@@@.@@@@@@@@.@@@@@@@@.@@@@@@@@.@@@@@@@@.@@@@@@@@.@@@@@@@@.@@@@@@@@.@@@@@@@@.@@@@@@@@.@@@@@@@@.@@@@@@@@.@@@@@@@@.@@@@@@@@.@@@@@@@@.@@@@@@@@.@@@@@@@@.@@@@@@@@.@@@@@@@@.@@@@@@@@.@@@@@@@@.@@@@@@@@.@@@@@@@@.@@@@@@@@.@@@@@@@@.@@@@@@@@.@@@@@@@@.@@@@@@@@.@@@@@@@@.@@@@@@@@..
..@@@@@@@@.@@@@@@@@.@@@@@@@@.@@@@@@@@.@@@@@@@@.@@@@@@@@.@@@@@@@@.@@@@@@@@.@@@@@@@@.@@@@@@@@.@@@@@@@@.@@@@@@@@.@@@@@@@@.@@@@@@@@.@@@@@@@@.@@@@@@@@.@@@@@@@@.@@@@@@@@.@@@@@@@@.@@@@@@@@.@@@@@@@@.@@@@@@@@.@@@@@@@@.@@@@@@@@.@@@@@@@@.@@@@@@@@.@@@@@@@@.@@@@@@@@.@@@@@@@@.@@@@@@@@..
.................................................................................................................................................................................................................................................................................
..@@@@@@@@.@@@@@@@@.@@@@@@@@.@@@@@@@@.@@@@@@@@.@@@@@@@@.@@@@@@@@.@@@@@@@@.@@@@@@@@.@@@@@@@@.@@@@@@@@.@@@@@@@@.@@@@@@@@.@@@@@@@@.@@@@@@@@.@@@@@@@@.@@@@@@@@.@@@@@@@@.@@@@@@@@.@@@@@@@@.@@@@@@@@.@@@@@@@@.@@@@@@@@.@@@@@@@@.@@@@@@@@.@@@@@@@@.@@@@@@@@.@@@@@@@@.@@@@@@@@.@@@@@@@@..
..@@@@@@@@.@@@@@@@@.@@@@@@@@.@@@@@@@@.@@@@@@@@.@@@@@@@@.@@@@@@@@.@@@@@@@@.@@@@@@@@.@@@@@@@@.@@@@@@@@.@@@@@@@@.@@@@@@@@.@@@@@@@@.@@@@@@@@.@@@@@@@@.@@@@@@@@.@@@@@@@@.@@@@@@@@.@@@@@@@@.@@@@@@@@.@@@@@@@@.@@@@@@@@.@@@@@@@@.@@@@@@@@.@@@@@@@@.@@@@@@@@.@@@@@@@@.@@@@@@@@.@@@@@@@@..
.................................................................................................................................................................................................................................................................................
..@@@@@@@@.@@@@@@@@.@@@@@@@@.@@@@@@@@.@@@@@@@@.@@@@@@@@.@@@@@@@@.@@@@@@@@.@@@@@@@@.@@@@@@@@.@@@@@@@@.@@@@@@@@.@@@@@@@@.@@@@@@@@.@@@@@@@@.@@@@@@@@.@@@@@@@@.@@@@@@@@.@@@@@@@@.@@@@@@@@.@@@@@@@@.@@@@@@@@.@@@@@@@@.@@@@@@@@.@@@@@@@@.@@@@@@@@.@@@@@@@@.@@@@@@@@.@@@@@@@@.@@@@@@@@..
..@@@@@@@@.@@@@@@@@.@@@@@@@@.@@@@@@@@.@@@@@@@@.@@@@@@@@.@@@@@@@@.@@@@@@@@.@@@@@@@@.@@@@@@@@.@@@@@@@@.@@@@@@@@.@@@@@@@@.@@@@@@@@.@@@@@@@@.@@@@@@@@.@@@@@@@@.@@@@@@@@.@@@@@@@@.@@@@@@@@.@@@@@@@@.@@@@@@@@.@@@@@@@@.@@@@@@@@.@@@@@@@@.@@@@@@@@.@@@@@@@@.@@@@@@@@.@@@@@@@@.@@@@@@@@..
.................................................................................................................................................................................................................................................................................
..@@@@@@@@.@@@@@@@@.@@@@@@@@.@@@@@@@@.@@@@@@@@.@@@@@@@@.@@@@@@@@.@@@@@@@@.@@@@@@@@.@@@@@@@@.@@@@@@@@.@@@@@@@@.@@@@@@@@.@@@@@@@@.@@@@@@@@.@@@@@@@@.@@@@@@@@.@@@@@@@@.@@@@@@@@.@@@@@@@@.@@@@@@@@.@@@@@@@@.@@@@@@@@.@@@@@@@@.@@@@@@@@.@@@@@@@@.@@@@@@@@.@@@@@@@@.@@@@@@@@.@@@@@@@@..
..@@@@@@@@.@@@@@@@@.@@@@@@@@.@@@@@@@@.@@@@@@@@.@@@@@@@@.@@@@@@@@.@@@@@@@@.@@@@@@@@.@@@@@@@@.@@@@@@@@.@@@@@@@@.@@@@@@@@.@@@@@@@@.@@@@@@@@.@@@@@@@@.@@@@@@@@.@@@@@@@@.@@@@@@@@.@@@@@@@@.@@@@@@@@.@@@@@@@@.@@@@@@@@.@@@@@@@@.@@@@@@@@.@@@@@@@@.@@@@@@@@.@@@@@@@@.@@@@@@@@.@@@@@@@@..
.................................................................................................................................................................................................................................................................................
..@@@@@@@@.@@@@@@@@.@@@@@@@@.@@@@@@@@.@@@@@@@@.@@@@@@@@.@@@@@@@@.@@@@@@@@.@@@@@@@@.@@@@@@@@.@@@@@@@@.@@@@@@@@.@@@@@@@@.@@@@@@@@.@@@@@@@@.@@@@@@@@.@@@@@@@@.@@@@@@@@.@@@@@@@@.@@@@@@@@.@@@@@@@@.@@@@@@@@.@@@@@@@@.@@@@@@@@.@@@@@@@@.@@@@@@@@.@@@@@@@@.@@@@@@@@.@@@@@@@@.@@@@@@@@..
..@@@@@@@@.@@@@@@@@.@@@@@@@@.@@@@@@@@.@@@@@@@@.@@@@@@@@.@@@@@@@@.@@@@@@@@.@@@@@@@@.@@@@@@@@.@@@@@@@@.@@@@@@@@.@@@@@@@@.@@@@@@@@.@@@@@@@@.@@@@@@@@.@@@@@@@@.@@@@@@@@.@@@@@@@@.@@@@@@@@.@@@@@@@@.@@@@@@@@.@@@@@@@@.@@@@@@@@.@@@@@@@@.@@@@@@@@.@@@@@@@@.@@@@@@@@.@@@@@@@@.@@@@@@@@..
.................................................................................................................................................................................................................................................................................
..@@@@@@@@.@@@@@@@@.@@@@@@@@.@@@@@@@@.@@@@@@@@.@@@@@@@@.@@@@@@@@.@@@@@@@@.@@@@@@@@.@@@@@@@@.@@@@@@@@.@@@@@@@@.@@@@@@@@.@@@@@@@@.@@@@@@@@.@@@@@@@@.@@@@@@@@.@@@@@@@@.@@@@@@@@.@@@@@@@@.@@@@@@@@.@@@@@@@@.@@@@@@@@.@@@@@@@@.@@@@@@@@.@@@@@@@@.@@@@@@@@.@@@@@@@@.@@@@@@@@.@@@@@@@@..
..@@@@@@@@.@@@@@@@@.@@@@@@@@.@@@@@@@@.@@@@@@@@.@@@@@@@@.@@@@@@@@.@@@@@@@@.@@@@@@@@.@@@@@@@@.@@@@@@@@.@@@@@@@@.@@@@@@@@.@@@@@@@@.@@@@@@@@.@@@@@@@@.@@@@@@@@.@@@@@@@@.@@@@@@@@.@@@@@@@@.@@@@@@@@.@@@@@@@@.@@@@@@@@.@@@@@@@@.@@@@@@@@.@@@@@@@@.@@@@@@@@.@@@@@@@@.@@@@@@@@.@@@@@@@@..
.................................................................................................................................................................................................................................................................................
..@@@@@@@@.@@@@@@@@.@@@@@@@@.@@@@@@@@.@@@@@@@@.@@@@@@@@.@@@@@@@@.@@@@@@@@.@@@@@@@@.@@@@@@@@.@@@@@@@@.@@@@@@@@.@@@@@@@@.@@@@@@@@.@@@@@@@@.@@@@@@@@.@@@@@@@@.@@@@@@@@.@@@@@@@@.@@@@@@@@.@@@@@@@@.@@@@@@@@.@@@@@@@@.@@@@@@@@.@@@@@@@@.@@@@@@@@.@@@@@@@@.@@@@@@@@.@@@@@@@@.@@@@@@@@..
..@@@@@@@@.@@@@@@@@.@@@@@@@@.@@@@@@@@.@@@@@@@@.@@@@@@@@.@@@@@@@@.@@@@@@@@.@@@@@@@@.@@@@@@@@.@@@@@@@@.@@@@@@@@.@@@@@@@@.@@@@@@@@.@@@@@@@@.@@@@@@@@.@@@@@@@@.@@@@@@@@.@@@@@@@@.@@@@@@@@.@@@@@@@@.@@@@@@@@.@@@@@@@@.@@@@@@@@.@@@@@@@@.@@@@@@@@.@@@@@@@@.@@@@@@@@.@@@@@@@@.@@@@@@@@..
.................................................................................................................................................................................................................................................................................
..@@@@@@@@.@@@@@@@@.@@@@@@@@.@@@@@@@@.@@@@@@@@.@@@@@@@@.@@@@@@@@.@@@@@@@@.@@@@@@@@.@@@@@@@@.@@@@@@@@.@@@@@@@@.@@@@@@@@.@@@@@@@@.@@@@@@@@.@@@@@@@@.@@@@@@@@.@@@@@@@@.@@@@@@@@.@@@@@@@@.@@@@@@@@.@@@@@@@@.@@@@@@@@.@@@@@@@@.@@@@@@@@.@@@@@@@@.@@@@@@@@.@@@@@@@@.@@@@@@@@.@@@@@@@@..
..@@@@@@@@.@@@@@@@@.@@@@@@@@.@@@@@@@@.@@@@@@@@.@@@@@@@@.@@@@@@@@.@@@@@@@@.@@@@@@@@.@@@@@@@@.@@@@@@@@.@@@@@@@@.@@@@@@@@.@@@@@@@@.@@@@@@@@.@@@@@@@@.@@@@@@@@.@@@@@@@@.@@@@@@@@.@@@@@@@@.@@@@@@@@.@@@@@@@@.@@@@@@@@.@@@@@@@@.@@@@@@@@.@@@@@@@@.@@@@@@@@.@@@@@@@@.@@@@@@@@.@@@@@@@@..
.................................................................................................................................................................................................................................................................................
..@@@@@@@@.@@@@@@@@.@@@@@@@@.@@@@@@@@.@@@@@@@@.@@@@@@@@.@@@@@@@@.@@@@@@@@.@@@@@@@@.@@@@@@@@.@@@@@@@@.@@@@@@@@.@@@@@@@@.@@@@@@@@.@@@@@@@@.@@@@@@@@.@@@@@@@@.@@@@@@@@.@@@@@@@@.@@@@@@@@.@@@@@@@@.@@@@@@@@.@@@@@@@@.@@@@@@@@.@@@@@@@@.@@@@@@@@.@@@@@@@@.@@@@@@@@.@@@@@@@@.@@@@@@@@..
..@@@@@@@@.@@@@@@@@.@@@@@@@@.@@@@@@@@.@@@@@@@@.@@@@@@@@.@@@@@@@@.@@@@@@@@.@@@@@@@@.@@@@@@@@.@@@@@@@@.@@@@@@@@.@@@@@@@@.@@@@@@@@.@@@@@@@@.@@@@@@@@.@@@@@@@@.@@@@@@@@.@@@@@@@@.@@@@@@@@.@@@@@@@@.@@@@@@@@.@@@@@@@@.@@@@@@@@.@@@@@@@@.@@@@@@@@.@@@@@@@@.@@@@@@@@.@@@@@@@@.@@@@@@@@..
.................................................................................................................................................................................................................................................................................
..@@@@@@@@.@@@@@@@@.@@@@@@@@.@@@@@@@@.@@@@@@@@.@@@@@@@@.@@@@@@@@.@@@@@@@@.@@@@@@@@.@@@@@@@@.@@@@@@@@.@@@@@@@@.@@@@@@@@.@@@@@@@@.@@@@@@@@.@@@@@@@@.@@@@@@@@.@@@@@@@@.@@@@@@@@.@@@@@@@@.@@@@@@@@.@@@@@@@@.@@@@@@@@.@@@@@@@@.@@@@@@@@.@@@@@@@@.@@@@@@@@.@@@@@@@@.@@@@@@@@.@@@@@@@@..
..@@@@@@@@.@@@@@@@@.@@@@@@@@.@@@@@@@@.@@@@@@@@.@@@@@@@@.@@@@@@@@.@@@@@@@@.@@@@@@@@.@@@@@@@@.@@@@@@@@.@@@@@@@@.@@@@@@@@.@@@@@@@@.@@@@@@@@.@@@@@@@@.@@@@@@@@.@@@@@@@@.@@@@@@@@.@@@@@@@@.@@@@@@@@.@@@@@@@@.@@@@@@@@.@@@@@@@@.@@@@@@@@.@@@@@@@@.@@@@@@@@.@@@@@@@@.@@@@@@@@.@@@@@@@@..
.................................................................................................................................................................................................................................................................................
..@@@@@@@@.@@@@@@@@.@@@@@@@@.@@@@@@@@.@@@@@@@@.@@@@@@@@.@@@@@@@@.@@@@@@@@.@@@@@@@@.@@@@@@@@.@@@@@@@@.@@@@@@@@.@@@@@@@@.@@@@@@@@.@@@@@@@@.@@@@@@@@.@@@@@@@@.@@@@@@@@.@@@@@@@@.@@@@@@@@.@@@@@@@@.@@@@@@@@.@@@@@@@@.@@@@@@@@.@@@@@@@@.@@@@@@@@.@@@@@@@@.@@@@@@@@.@@@@@@@@.@@@@@@@@..
..@@@@@@@@.@@@@@@@@.@@@@@@@@.@@@@@@@@.@@@@@@@@.@@@@@@@@.@@@@@@@@.@@@@@@@@.@@@@@@@@.@@@@@@@@.@@@@@@@@.@@@@@@@@.@@@@@@@@.@@@@@@@@.@@@@@@@@.@@@@@@@@.@@@@@@@@.@@@@@@@@.@@@@@@@@.@@@@@@@@.@@@@@@@@.@@@@@@@@.@@@@@@@@.@@@@@@@@.@@@@@@@@.@@@@@@@@.@@@@@@@@.@@@@@@@@.@@@@@@@@.@@@@@@@@..
.................................................................................................................................................................................................................................................................................
..@@@@@@@@.@@@@@@@@.@@@@@@@@.@@@@@@@@.@@@@@@@@.@@@@@@@@.@@@@@@@@.@@@@@@@@.@@@@@@@@.@@@@@@@@.@@@@@@@@.@@@@@@@@.@@@@@@@@.@@@@@@@@.@@@@@@@@.@@@@@@@@.@@@@@@@@.@@@@@@@@.@@@@@@@@.@@@@@@@@.@@@@@@@@.@@@@@@@@.@@@@@@@@.@@@@@@@@.@@@@@@@@.@@@@@@@@.@@@@@@@@.@@@@@@@@.@@@@@@@@.@@@@@@@@..
..@@@@@@@@.@@@@@@@@.@@@@@@@@.@@@@@@@@.@@@@@@@@.@@@@@@@@.@@@@@@@@.@@@@@@@@.@@@@@@@@.@@@@@@@@.@@@@@@@@.@@@@@@@@.@@@@@@@@.@@@@@@@@.@@@@@@@@.@@@@@@@@.@@@@@@@@.@@@@@@@@.@@@@@@@@.@@@@@@@@.@@@@@@@@.@@@@@@@@.@@@@@@@@.@@@@@@@@.@@@@@@@@.@@@@@@@@.@@@@@@@@.@@@@@@@@.@@@@@@@@.@@@@@@@@..
.................................................................................................................................................................................................................................................................................
..@@@@@@@@.@@@@@@@@.@@@@@@@@.@@@@@@@@.@@@@@@@@.@@@@@@@@.@@@@@@@@.@@@@@@@@.@@@@@@@@.@@@@@@@@.@@@@@@@@.@@@@@@@@.@@@@@@@@.@@@@@@@@.@@@@@@@@.@@@@@@@@.@@@@@@@@.@@@@@@@@.@@@@@@@@.@@@@@@@@.@@@@@@@@.@@@@@@@@.@@@@@@@@.@@@@@@@@.@@@@@@@@.@@@@@@@@.@@@@@@@@.@@@@@@@@.@@@@@@@@.@@@@@@@@..
..@@@@@@@@.@@@@@@@@.@@@@@@@@.@@@@@@@@.@@@@@@@@.@@@@@@@@.@@@@@@@@.@@@@@@@@.@@@@@@@@.@@@@@@@@.@@@@@@@@.@@@@@@@@.@@@@@@@@.@@@@@@@@.@@@@@@@@.@@@@@@@@.@@@@@@@@.@@@@@@@@.@@@@@@@@.@@@@@@@@.@@@@@@@@.@@@@@@@@.@@@@@@@@.@@@@@@@@.@@@@@@@@.@@@@@@@@.@@@@@@@@.@@@@@@@@.@@@@@@@@.@@@@@@@@..
.................................................................................................................................................................................................................................................................................
..@@@@@@@@.@@@@@@@@.@@@@@@@@.@@@@@@@@.@@@@@@@@.@@@@@@@@.@@@@@@@@.@@@@@@@@.@@@@@@@@.@@@@@@@@.@@@@@@@@.@@@@@@@@.@@@@@@@@.@@@@@@@@.@@@@@@@@.@@@@@@@@.@@@@@@@@.@@@@@@@@.@@@@@@@@.@@@@@@@@.@@@@@@@@.@@@@@@@@.@@@@@@@@.@@@@@@@@.@@@@@@@@.@@@@@@@@.@@@@@@@@.@@@@@@@@.@@@@@@@@.@@@@@@@@..
..@@@@@@@@.@@@@@@@@.@@@@@@@@.@@@@@@@@.@@@@@@@@.@@@@@@@@.@@@@@@@@.@@@@@@@@.@@@@@@@@.@@@@@@@@.@@@@@@@@.@@@@@@@@.@@@@@@@@.@@@@@@@@.@@@@@@@@.@@@@@@@@.@@@@@@@@.@@@@@@@@.@@@@@@@@.@@@@@@@@.@@@@@@@@.@@@@@@@@.@@@@@@@@.@@@@@@@@.@@@@@@@@.@@@@@@@@.@@@@@@@@.@@@@@@@@.@@@@@@@@.@@@@@@@@..
.................................................................................................................................................................................................................................................................................
..@@@@@@@@.@@@@@@@@.@@@@@@@@.@@@@@@@@.@@@@@@@@.@@@@@@@@.@@@@@@@@.@@@@@@@@.@@@@@@@@.@@@@@@@@.@@@@@@@@.@@@@@@@@.@@@@@@@@.@@@@@@@@.@@@@@@@@.@@@@@@@@.@@@@@@@@.@@@@@@@@.@@@@@@@@.@@@@@@@@.@@@@@@@@.@@@@@@@@.@@@@@@@@.@@@@@@@@.@@@@@@@@.@@@@@@@@.@@@@@@@@.@@@@@@@@.@@@@@@@@.@@@@@@@@..
..@@@@@@@@.@@@@@@@@.@@@@@@@@.@@@@@@@@.@@@@@@@@.@@@@@@@@.@@@@@@@@.@@@@@@@@.@@@@@@@@.@@@@@@@@.@@@@@@@@.@@@@@@@@.@@@@@@@@.@@@@@@@@.@@@@@@@@.@@@@@@@@.@@@@@@@@.@@@@@@@@.@@@@@@@@.@@@@@@@@.@@@@@@@@.@@@@@@@@.@@@@@@@@.@@@@@@@@.@@@@@@@@.@@@@@@@@.@@@@@@@@.@@@@@@@@.@@@@@@@@.@@@@@@@@..
.................................................................................................................................................................................................................................................................................
..@@@@@@@@.@@@@@@@@.@@@@@@@@.@@@@@@@@.@@@@@@@@.@@@@@@@@.@@@@@@@@.@@@@@@@@.@@@@@@@@.@@@@@@@@.@@@@@@@@.@@@@@@@@.@@@@@@@@.@@@@@@@@.@@@@@@@@.@@@@@@@@.@@@@@@@@.@@@@@@@@.@@@@@@@@.@@@@@@@@.@@@@@@@@.@@@@@@@@.@@@@@@@@.@@@@@@@@.@@@@@@@@.@@@@@@@@.@@@@@@@@.@@@@@@@@.@@@@@@@@.@@@@@@@@..
..@@@@@@@@.@@@@@@@@.@@@@@@@@.@@@@@@@@.@@@@@@@@.@@@@@@@@.@@@@@@@@.@@@@@@@@.@@@@@@@@.@@@@@@@@.@@@@@@@@.@@@@@@@@.@@@@@@@@.@@@@@@@@.@@@@@@@@.@@@@@@@@.@@@@@@@@.@@@@@@@@.@@@@@@@@.@@@@@@@@.@@@@@@@@.@@@@@@@@.@@@@@@@@.@@@@@@@@.@@@@@@@@.@@@@@@@@.@@@@@@@@.@@@@@@@@.@@@@@@@@.@@@@@@@@..
.................................................................................................................................................................................................................................................................................
..@@@@@@@@.@@@@@@@@.@@@@@@@@.@@@@@@@@.@@@@@@@@.@@@@@@@@.@@@@@@@@.@@@@@@@@.@@@@@@@@.@@@@@@@@.@@@@@@@@.@@@@@@@@.@@@@@@@@.@@@@@@@@.@@@@@@@@.@@@@@@@@.@@@@@@@@.@@@@@@@@.@@@@@@@@.@@@@@@@@.@@@@@@@@.@@@@@@@@.@@@@@@@@.@@@@@@@@.@@@@@@@@.@@@@@@@@.@@@@@@@@.@@@@@@@@.@@@@@@@@.@@@@@@@@..
..@@@@@@@@.@@@@@@@@.@@@@@@@@.@@@@@@@@.@@@@@@@@.@@@@@@@@.@@@@@@@@.@@@@@@@@.@@@@@@@@.@@@@@@@@.@@@@@@@@.@@@@@@@@.@@@@@@@@.@@@@@@@@.@@@@@@@@.@@@@@@@@.@@@@@@@@.@@@@@@@@.@@@@@@@@.@@@@@@@@.@@@@@@@@.@@@@@@@@.@@@@@@@@.@@@@@@@@.@@@@@@@@.@@@@@@@@.@@@@@@@@.@@@@@@@@.@@@@@@@@.@@@@@@@@..
.................................................................................................................................................................................................................................................................................
..@@@@@@@@.@@@@@@@@.@@@@@@@@.@@@@@@@@.@@@@@@@@.@@@@@@@@.@@@@@@@@.@@@@@@@@.@@@@@@@@.@@@@@@@@.@@@@@@@@.@@@@@@@@.@@@@@@@@.@@@@@@@@.@@@@@@@@.@@@@@@@@.@@@@@@@@.@@@@@@@@.@@@@@@@@.@@@@@@@@.@@@@@@@@.@@@@@@@@.@@@@@@@@.@@@@@@@@.@@@@@@@@.@@@@@@@@.@@@@@@@@.@@@@@@@@.@@@@@@@@.@@@@@@@@..
..@@@@@@@@.@@@@@@@@.@@@@@@@@.@@@@@@@@.@@@@@@@@.@@@@@@@@.@@@@@@@@.@@@@@@@@.@@@@@@@@.@@@@@@@@.@@@@@@@@.@@@@@@@@.@@@@@@@@.@@@@@@@@.@@@@@@@@.@@@@@@@@.@@@@@@@@.@@@@@@@@.@@@@@@@@.@@@@@@@@.@@@@@@@@.@@@@@@@@.@@@@@@@@.@@@@@@@@.@@@@@@@@.@@@@@@@@.@@@@@@@@.@@@@@@@@.@@@@@@@@.@@@@@@@@..
.................................................................................................................................................................................................................................................................................
..@@@@@@@@.@@@@@@@@.@@@@@@@@.@@@@@@@@.@@@@@@@@.@@@@@@@@.@@@@@@@@.@@@@@@@@.@@@@@@@@.@@@@@@@@.@@@@@@@@.@@@@@@@@.@@@@@@@@.@@@@@@@@.@@@@@@@@.@@@@@@@@.@@@@@@@@.@@@@@@@@.@@@@@@@@.@@@@@@@@.@@@@@@@@.@@@@@@@@.@@@@@@@@.@@@@@@@@.@@@@@@@@.@@@@@@@@.@@@@@@@@.@@@@@@@@.@@@@@@@@.@@@@@@@@..
..@@@@@@@@.@@@@@@@@.@@@@@@@@.@@@@@@@@.@@@@@@@@.@@@@@@@@.@@@@@@@@.@@@@@@@@.@@@@@@@@.@@@@@@@@.@@@@@@@@.@@@@@@@@.@@@@@@@@.@@@@@@@@.@@@@@@@@.@@@@@@@@.@@@@@@@@.@@@@@@@@.@@@@@@@@.@@@@@@@@.@@@@@@@@.@@@@@@@@.@@@@@@@@.@@@@@@@@.@@@@@@@@.@@@@@@@@.@@@@@@@@.@@@@@@@@.@@@@@@@@.@@@@@@@@..
.................................................................................................................................................................................................................................................................................
..@@@@@@@@.@@@@@@@@.@@@@@@@@.@@@@@@@@.@@@@@@@@.@@@@@@@@.@@@@@@@@.@@@@@@@@.@@@@@@@@.@@@@@@@@.@@@@@@@@.@@@@@@@@.@@@@@@@@.@@@@@@@@.@@@@@@@@.@@@@@@@@.@@@@@@@@.@@@@@@@@.@@@@@@@@.@@@@@@@@.@@@@@@@@.@@@@@@@@.@@@@@@@@.@@@@@@@@.@@@@@@@@.@@@@@@@@.@@@@@@@@.@@@@@@@@.@@@@@@@@.@@@@@@@@..
..@@@@@@@@.@@@@@@@@.@@@@@@@@.@@@@@@@@.@@@@@@@@.@@@@@@@@.@@@@@@@@.@@@@@@@@.@@@@@@@@.@@@@@@@@.@@@@@@@@.@@@@@@@@.@@@@@@@@.@@@@@@@@.@@@@@@@@.@@@@@@@@.@@@@@@@@.@@@@@@@@.@@@@@@@@.@@@@@@@@.@@@@@@@@.@@@@@@@@.@@@@@@@@.@@@@@@@@.@@@@@@@@.@@@@@@@@.@@@@@@@@.@@@@@@@@.@@@@@@@@.@@@@@@@@..
.................................................................................................................................................................................................................................................................................
..@@@@@@@@.@@@@@@@@.@@@@@@@@.@@@@@@@@.@@@@@@@@.@@@@@@@@.@@@@@@@@.@@@@@@@@.@@@@@@@@.@@@@@@@@.@@@@@@@@.@@@@@@@@.@@@@@@@@.@@@@@@@@.@@@@@@@@.@@@@@@@@.@@@@@@@@.@@@@@@@@.@@@@@@@@.@@@@@@@@.@@@@@@@@.@@@@@@@@.@@@@@@@@.@@@@@@@@.@@@@@@@@.@@@@@@@@.@@@@@@@@.@@@@@@@@.@@@@@@@@.@@@@@@@@..
..@@@@@@@@.@@@@@@@@.@@@@@@@@.@@@@@@@@.@@@@@@@@.@@@@@@@@.@@@@@@@@.@@@@@@@@.@@@@@@@@.@@@@@@@@.@@@@@@@@.@@@@@@@@.@@@@@@@@.@@@@@@@@.@@@@@@@@.@@@@@@@@.@@@@@@@@.@@@@@@@@.@@@@@@@@.@@@@@@@@.@@@@@@@@.@@@@@@@@.@@@@@@@@.@@@@@@@@.@@@@@@@@.@@@@@@@@.@@@@@@@@.@@@@@@@@.@@@@@@@@.@@@@@@@@..
.................................................................................................................................................................................................................................................................................
..@@@@@@@@.@@@@@@@@.@@@@@@@@.@@@@@@@@.@@@@@@@@.@@@@@@@@.@@@@@@@@.@@@@@@@@.@@@@@@@@.@@@@@@@@.@@@@@@@@.@@@@@@@@.@@@@@@@@.@@@@@@@@.@@@@@@@@.@@@@@@@@.@@@@@@@@.@@@@@@@@.@@@@@@@@.@@@@@@@@.@@@@@@@@.@@@@@@@@.@@@@@@@@.@@@@@@@@.@@@@@@@@.@@@@@@@@.@@@@@@@@.@@@@@@@@.@@@@@@@@.@@@@@@@@..
..@@@@@@@@.@@@@@@@@.@@@@@@@@.@@@@@@@@.@@@@@@@@.@@@@@@@@.@@@@@@@@.@@@@@@@@.@@@@@@@@.@@@@@@@@.@@@@@@@@.@@@@@@@@.@@@@@@@@.@@@@@@@@.@@@@@@@@.@@@@@@@@.@@@@@@@@.@@@@@@@@.@@@@@@@@.@@@@@@@@.@@@@@@@@.@@@@@@@@.@@@@@@@@.@@@@@@@@.@@@@@@@@.@@@@@@@@.@@@@@@@@.@@@@@@@@.@@@@@@@@.@@@@@@@@..
.................................................................................................................................................................................................................................................................................
..@@@@@@@@.@@@@@@@@.@@@@@@@@.@@@@@@@@.@@@@@@@@.@@@@@@@@.@@@@@@@@.@@@@@@@@.@@@@@@@@.@@@@@@@@.@@@@@@@@.@@@@@@@@.@@@@@@@@.@@@@@@@@.@@@@@@@@.@@@@@@@@.@@@@@@@@.@@@@@@@@.@@@@@@@@.@@@@@@@@.@@@@@@@@.@@@@@@@@.@@@@@@@@.@@@@@@@@.@@@@@@@@.@@@@@@@@.@@@@@@@@.@@@@@@@@.@@@@@@@@.@@@@@@@@..
..@@@@@@@@.@@@@@@@@.@@@@@@@@.@@@@@@@@.@@@@@@@@.@@@@@@@@.@@@@@@@@.@@@@@@@@.@@@@@@@@.@@@@@@@@.@@@@@@@@.@@@@@@@@.@@@@@@@@.@@@@@@@@.@@@@@@@@.@@@@@@@@.@@@@@@@@.@@@@@@@@.@@@@@@@@.@@@@@@@@.@@@@@@@@.@@@@@@@@.@@@@@@@@.@@@@@@@@.@@@@@@@@.@@@@@@@@.@@@@@@@@.@@@@@@@@.@@@@@@@@.@@@@@@@@..
.................................................................................................................................................................................................................................................................................
..@@@@@@@@.@@@@@@@@.@@@@@@@@.@@@@@@@@.@@@@@@@@.@@@@@@@@.@@@@@@@@.@@@@@@@@.@@@@@@@@.@@@@@@@@.@@@@@@@@.@@@@@@@@.@@@@@@@@.@@@@@@@@.@@@@@@@@.@@@@@@@@.@@@@@@@@.@@@@@@@@.@@@@@@@@.@@@@@@@@.@@@@@@@@.@@@@@@@@.@@@@@@@@.@@@@@@@@.@@@@@@@@.@@@@@@@@.@@@@@@@@.@@@@@@@@.@@@@@@@@.@@@@@@@@..
..@@@@@@@@.@@@@@@@@.@@@@@@@@.@@@@@@@@.@@@@@@@@.@@@@@@@@.@@@@@@@@.@@@@@@@@.@@@@@@@@.@@@@@@@@.@@@@@@@@.@@@@@@@@.@@@@@@@@.@@@@@@@@.@@@@@@@@.@@@@@@@@.@@@@@@@@.@@@@@@@@.@@@@@@@@.@@@@@@@@.@@@@@@@@.@@@@@@@@.@@@@@@@@.@@@@@@@@.@@@@@@@@.@@@@@@@@.@@@@@@@@.@@@@@@@@.@@@@@@@@.@@@@@@@@..
.................................................................................................................................................................................................................................................................................
..@@@@@@@@.@@@@@@@@.@@@@@@@@.@@@@@@@@.@@@@@@@@.@@@@@@@@.@@@@@@@@.@@@@@@@@.@@@@@@@@.@@@@@@@@.@@@@@@@@.@@@@@@@@.@@@@@@@@.@@@@@@@@.@@@@@@@@.@@@@@@@@.@@@@@@@@.@@@@@@@@.@@@@@@@@.@@@@@@@@.@@@@@@@@.@@@@@@@@.@@@@@@@@.@@@@@@@@.@@@@@@@@.@@@@@@@@.@@@@@@@@.@@@@@@@@.@@@@@@@@.@@@@@@@@..
..@@@@@@@@.@@@@@@@@.@@@@@@@@.@@@@@@@@.@@@@@@@@.@@@@@@@@.@@@@@@@@.@@@@@@@@.@@@@@@@@.@@@@@@@@.@@@@@@@@.@@@@@@@@.@@@@@@@@.@@@@@@@@.@@@@@@@@.@@@@@@@@.@@@@@@@@.@@@@@@@@.@@@@@@@@.@@@@@@@@.@@@@@@@@.@@@@@@@@.@@@@@@@@.@@@@@@@@.@@@@@@@@.@@@@@@@@.@@@@@@@@.@@@@@@@@.@@@@@@@@.@@@@@@@@..
.................................................................................................................................................................................................................................................................................
..@@@@@@@@.@@@@@@@@.@@@@@@@@.@@@@@@@@.@@@@@@@@.@@@@@@@@.@@@@@@@@.@@@@@@@@.@@@@@@@@.@@@@@@@@.@@@@@@@@.@@@@@@@@.@@@@@@@@.@@@@@@@@.@@@@@@@@.@@@@@@@@.@@@@@@@@.@@@@@@@@.@@@@@@@@.@@@@@@@@.@@@@@@@@.@@@@@@@@.@@@@@@@@.@@@@@@@@.@@@@@@@@.@@@@@@@@.@@@@@@@@.@@@@@@@@.@@@@@@@@.@@@@@@@@..
..@@@@@@@@.@@@@@@@@.@@@@@@@@.@@@@@@@@.@@@@@@@@.@@@@@@@@.@@@@@@@@.@@@@@@@@.@@@@@@@@.@@@@@@@@.@@@@@@@@.@@@@@@@@.@@@@@@@@.@@@@@@@@.@@@@@@@@.@@@@@@@@.@@@@@@@@.@@@@@@@@.@@@@@@@@.@@@@@@@@.@@@@@@@@.@@@@@@@@.@@@@@@@@.@@@@@@@@.@@@@@@@@.@@@@@@@@.@@@@@@@@.@@@@@@@@.@@@@@@@@.@@@@@@@@..
.................................................................................................................................................................................................................................................................................
..@@@@@@@@.@@@@@@@@.@@@@@@@@.@@@@@@@@.@@@@@@@@.@@@@@@@@.@@@@@@@@.@@@@@@@@.@@@@@@@@.@@@@@@@@.@@@@@@@@.@@@@@@@@.@@@@@@@@.@@@@@@@@.@@@@@@@@.@@@@@@@@.@@@@@@@@.@@@@@@@@.@@@@@@@@.@@@@@@@@.@@@@@@@@.@@@@@@@@.@@@@@@@@.@@@@@@@@.@@@@@@@@.@@@@@@@@.@@@@@@@@.@@@@@@@@.@@@@@@@@.@@@@@@@@..
..@@@@@@@@.@@@@@@@@.@@@@@@@@.@@@@@@@@.@@@@@@@@.@@@@@@@@.@@@@@@@@.@@@@@@@@.@@@@@@@@.@@@@@@@@.@@@@@@@@.@@@@@@@@.@@@@@@@@.@@@@@@@@.@@@@@@@@.@@@@@@@@.@@@@@@@@.@@@@@@@@.@@@@@@@@.@@@@@@@@.@@@@@@@@.@@@@@@@@.@@@@@@@@.@@@@@@@@.@@@@@@@@.@@@@@@@@.@@@@@@@@.@@@@@@@@.@@@@@@@@.@@@@@@@@..
.................................................................................................................................................................................................................................................................................
..@@@@@@@@.@@@@@@@@.@@@@@@@@.@@@@@@@@.@@@@@@@@.@@@@@@@@.@@@@@@@@.@@@@@@@@.@@@@@@@@.@@@@@@@@.@@@@@@@@.@@@@@@@@.@@@@@@@@.@@@@@@@@.@@@@@@@@.@@@@@@@@.@@@@@@@@.@@@@@@@@.@@@@@@@@.@@@@@@@@.@@@@@@@@.@@@@@@@@.@@@@@@@@.@@@@@@@@.@@@@@@@@.@@@@@@@@.@@@@@@@@.@@@@@@@@.@@@@@@@@.@@@@@@@@..
..@@@@@@@@.@@@@@@@@.@@@@@@@@.@@@@@@@@.@@@@@@@@.@@@@@@@@.@@@@@@@@.@@@@@@@@.@@@@@@@@.@@@@@@@@.@@@@@@@@.@@@@@@@@.@@@@@@@@.@@@@@@@@.@@@@@@@@.@@@@@@@@.@@@@@@@@.@@@@@@@@.@@@@@@@@.@@@@@@@@.@@@@@@@@.@@@@@@@@.@@@@@@@@.@@@@@@@@.@@@@@@@@.@@@@@@@@.@@@@@@@@.@@@@@@@@.@@@@@@@@.@@@@@@@@..
.................................................................................................................................................................................................................................................................................
..@@@@@@@@.@@@@@@@@.@@@@@@@@.@@@@@@@@.@@@@@@@@.@@@@@@@@.@@@@@@@@.@@@@@@@@.@@@@@@@@.@@@@@@@@.@@@@@@@@.@@@@@@@@.@@@@@@@@.@@@@@@@@.@@@@@@@@.@@@@@@@@.@@@@@@@@.@@@@@@@@.@@@@@@@@.@@@@@@@@.@@@@@@@@.@@@@@@@@.@@@@@@@@.@@@@@@@@.@@@@@@@@.@@@@@@@@.@@@@@@@@.@@@@@@@@.@@@@@@@@.@@@@@@@@..
..@@@@@@@@.@@@@@@@@.@@@@@@@@.@@@@@@@@.@@@@@@@@.@@@@@@@@.@@@@@@@@.@@@@@@@@.@@@@@@@@.@@@@@@@@.@@@@@@@@.@@@@@@@@.@@@@@@@@.@@@@@@@@.@@@@@@@@.@@@@@@@@.@@@@@@@@.@@@@@@@@.@@@@@@@@.@@@@@@@@.@@@@@@@@.@@@@@@@@.@@@@@@@@.@@@@@@@@.@@@@@@@@.@@@@@@@@.@@@@@@@@.@@@@@@@@.@@@@@@@@.@@@@@@@@..
.................................................................................................................................................................................................................................................................................
..@@@@@@@@.@@@@@@@@.@@@@@@@@.@@@@@@@@.@@@@@@@@.@@@@@@@@.@@@@@@@@.@@@@@@@@.@@@@@@@@.@@@@@@@@.@@@@@@@@.@@@@@@@@.@@@@@@@@.@@@@@@@@.@@@@@@@@.@@@@@@@@.@@@@@@@@.@@@@@@@@.@@@@@@@@.@@@@@@@@.@@@@@@@@.@@@@@@@@.@@@@@@@@.@@@@@@@@.@@@@@@@@.@@@@@@@@.@@@@@@@@.@@@@@@@@.@@@@@@@@.@@@@@@@@..
..@@@@@@@@.@@@@@@@@.@@@@@@@@.@@@@@@@@.@@@@@@@@.@@@@@@@@.@@@@@@@@.@@@@@@@@.@@@@@@@@.@@@@@@@@.@@@@@@@@.@@@@@@@@.@@@@@@@@.@@@@@@@@.@@@@@@@@.@@@@@@@@.@@@@@@@@.@@@@@@@@.@@@@@@@@.@@@@@@@@.@@@@@@@@.@@@@@@@@.@@@@@@@@.@@@@@@@@.@@@@@@@@.@@@@@@@@.@@@@@@@@.@@@@@@@@.@@@@@@@@.@@@@@@@@..
.................................................................................................................................................................................................................................................................................
..@@@@@@@@.@@@@@@@@.@@@@@@@@.@@@@@@@@.@@@@@@@@.@@@@@@@@.@@@@@@@@.@@@@@@@@.@@@@@@@@.@@@@@@@@.@@@@@@@@.@@@@@@@@.@@@@@@@@.@@@@@@@@.@@@@@@@@.@@@@@@@@.@@@@@@@@.@@@@@@@@.@@@@@@@@.@@@@@@@@.@@@@@@@@.@@@@@@@@.@@@@@@@@.@@@@@@@@.@@@@@@@@.@@@@@@@@.@@@@@@@@.@@@@@@@@.@@@@@@@@.@@@@@@@@..
..@@@@@@@@.@@@@@@@@.@@@@@@@@.@@@@@@@@.@@@@@@@@.@@@@@@@@.@@@@@@@@.@@@@@@@@.@@@@@@@@.@@@@@@@@.@@@@@@@@.@@@@@@@@.@@@@@@@@.@@@@@@@@.@@@@@@@@.@@@@@@@@.@@@@@@@@.@@@@@@@@.@@@@@@@@.@@@@@@@@.@@@@@@@@.@@@@@@@@.@@@@@@@@.@@@@@@@@.@@@@@@@@.@@@@@@@@.@@@@@@@@.@@@@@@@@.@@@@@@@@.@@@@@@@@..
.................................................................................................................................................................................................................................................................................
..@@@@@@@@.@@@@@@@@.@@@@@@@@.@@@@@@@@.@@@@@@@@.@@@@@@@@.@@@@@@@@.@@@@@@@@.@@@@@@@@.@@@@@@@@.@@@@@@@@.@@@@@@@@.@@@@@@@@.@@@@@@@@.@@@@@@@@.@@@@@@@@.@@@@@@@@.@@@@@@@@.@@@@@@@@.@@@@@@@@.@@@@@@@@.@@@@@@@@.@@@@@@@@.@@@@@@@@.@@@@@@@@.@@@@@@@@.@@@@@@@@.@@@@@@@@.@@@@@@@@.@@@@@@@@..
..@@@@@@@@.@@@@@@@@.@@@@@@@@.@@@@@@@@.@@@@@@@@.@@@@@@@@.@@@@@@@@.@@@@@@@@.@@@@@@@@.@@@@@@@@.@@@@@@@@.@@@@@@@@.@@@@@@@@.@@@@@@@@.@@@@@@@@.@@@@@@@@.@@@@@@@@.@@@@@@@@.@@@@@@@@.@@@@@@@@.@@@@@@@@.@@@@@@@@.@@@@@@@@.@@@@@@@@.@@@@@@@@.@@@@@@@@.@@@@@@@@.@@@@@@@@.@@@@@@@@.@@@@@@@@..
.................................................................................................................................................................................................................................................................................
..@@@@@@@@.@@@@@@@@.@@@@@@@@.@@@@@@@@.@@@@@@@@.@@@@@@@@.@@@@@@@@.@@@@@@@@.@@@@@@@@.@@@@@@@@.@@@@@@@@.@@@@@@@@.@@@@@@@@.@@@@@@@@.@@@@@@@@.@@@@@@@@.@@@@@@@@.@@@@@@@@.@@@@@@@@.@@@@@@@@.@@@@@@@@.@@@@@@@@.@@@@@@@@.@@@@@@@@.@@@@@@@@.@@@@@@@@.@@@@@@@@.@@@@@@@@.@@@@@@@@.@@@@@@@@..
..@@@@@@@@.@@@@@@@@.@@@@@@@@.@@@@@@@@.@@@@@@@@.@@@@@@@@.@@@@@@@@.@@@@@@@@.@@@@@@@@.@@@@@@@@.@@@@@@@@.@@@@@@@@.@@@@@@@@.@@@@@@@@.@@@@@@@@.@@@@@@@@.@@@@@@@@.@@@@@@@@.@@@@@@@@.@@@@@@@@.@@@@@@@@.@@@@@@@@.@@@@@@@@.@@@@@@@@.@@@@@@@@.@@@@@@@@.@@@@@@@@.@@@@@@@@.@@@@@@@@.@@@@@@@@..
.................................................................................................................................................................................................................................................................................
..@@@@@@@@.@@@@@@@@.@@@@@@@@.@@@@@@@@.@@@@@@@@.@@@@@@@@.@@@@@@@@.@@@@@@@@.@@@@@@@@.@@@@@@@@.@@@@@@@@.@@@@@@@@.@@@@@@@@.@@@@@@@@.@@@@@@@@.@@@@@@@@.@@@@@@@@.@@@@@@@@.@@@@@@@@.@@@@@@@@.@@@@@@@@.@@@@@@@@.@@@@@@@@.@@@@@@@@.@@@@@@@@.@@@@@@@@.@@@@@@@@.@@@@@@@@.@@@@@@@@.@@@@@@@@..
..@@@@@@@@.@@@@@@@@.@@@@@@@@.@@@@@@@@.@@@@@@@@.@@@@@@@@.@@@@@@@@.@@@@@@@@.@@@@@@@@.@@@@@@@@.@@@@@@@@.@@@@@@@@.@@@@@@@@.@@@@@@@@.@@@@@@@@.@@@@@@@@.@@@@@@@@.@@@@@@@@.@@@@@@@@.@@@@@@@@.@@@@@@@@.@@@@@@@@.@@@@@@@@.@@@@@@@@.@@@@@@@@.@@@@@@@@.@@@@@@@@.@@@@@@@@.@@@@@@@@.@@@@@@@@..
.................................................................................................................................................................................................................................................................................
..@@@@@@@@.@@@@@@@@.@@@@@@@@.@@@@@@@@.@@@@@@@@.@@@@@@@@.@@@@@@@@.@@@@@@@@.@@@@@@@@.@@@@@@@@.@@@@@@@@.@@@@@@@@.@@@@@@@@.@@@@@@@@.@@@@@@@@.@@@@@@@@.@@@@@@@@.@@@@@@@@.@@@@@@@@.@@@@@@@@.@@@@@@@@.@@@@@@@@.@@@@@@@@.@@@@@@@@.@@@@@@@@.@@@@@@@@.@@@@@@@@.@@@@@@@@.@@@@@@@@.@@@@@@@@..
..@@@@@@@@.@@@@@@@@.@@@@@@@@.@@@@@@@@.@@@@@@@@.@@@@@@@@.@@@@@@@@.@@@@@@@@.@@@@@@@@.@@@@@@@@.@@@@@@@@.@@@@@@@@.@@@@@@@@.@@@@@@@@.@@@@@@@@.@@@@@@@@.@@@@@@@@.@@@@@@@@.@@@@@@@@.@@@@@@@@.@@@@@@@@.@@@@@@@@.@@@@@@@@.@@@@@@@@.@@@@@@@@.@@@@@@@@.@@@@@@@@.@@@@@@@@.@@@@@@@@.@@@@@@@@..
.................................................................................................................................................................................................................................................................................
..@@@@@@@@.@@@@@@@@.@@@@@@@@.@@@@@@@@.@@@@@@@@.@@@@@@@@.@@@@@@@@.@@@@@@@@.@@@@@@@@.@@@@@@@@.@@@@@@@@.@@@@@@@@.@@@@@@@@.@@@@@@@@.@@@@@@@@.@@@@@@@@.@@@@@@@@.@@@@@@@@.@@@@@@@@.@@@@@@@@.@@@@@@@@.@@@@@@@@.@@@@@@@@.@@@@@@@@.@@@@@@@@.@@@@@@@@.@@@@@@@@.@@@@@@@@.@@@@@@@@.@@@@@@@@..
..@@@@@@@@.@@@@@@@@.@@@@@@@@.@@@@@@@@.@@@@@@@@.@@@@@@@@.@@@@@@@@.@@@@@@@@.@@@@@@@@.@@@@@@@@.@@@@@@@@.@@@@@@@@.@@@@@@@@.@@@@@@@@.@@@@@@@@.@@@@@@@@.@@@@@@@@.@@@@@@@@.@@@@@@@@.@@@@@@@@.@@@@@@@@.@@@@@@@@.@@@@@@@@.@@@@@@@@.@@@@@@@@.@@@@@@@@.@@@@@@@@.@@@@@@@@.@@@@@@@@.@@@@@@@@..
.................................................................................................................................................................................................................................................................................
..@@@@@@@@.@@@@@@@@.@@@@@@@@.@@@@@@@@.@@@@@@@@.@@@@@@@@.@@@@@@@@.@@@@@@@@.@@@@@@@@.@@@@@@@@.@@@@@@@@.@@@@@@@@.@@@@@@@@.@@@@@@@@.@@@@@@@@.@@@@@@@@.@@@@@@@@.@@@@@@@@.@@@@@@@@.@@@@@@@@.@@@@@@@@.@@@@@@@@.@@@@@@@@.@@@@@@@@.@@@@@@@@.@@@@@@@@.@@@@@@@@.@@@@@@@@.@@@@@@@@.@@@@@@@@..
..@@@@@@@@.@@@@@@@@.@@@@@@@@.@@@@@@@@.@@@@@@@@.@@@@@@@@.@@@@@@@@.@@@@@@@@.@@@@@@@@.@@@@@@@@.@@@@@@@@.@@@@@@@@.@@@@@@@@.@@@@@@@@.@@@@@@@@.@@@@@@@@.@@@@@@@@.@@@@@@@@.@@@@@@@@.@@@@@@@@.@@@@@@@@.@@@@@@@@.@@@@@@@@.@@@@@@@@.@@@@@@@@.@@@@@@@@.@@@@@@@@.@@@@@@@@.@@@@@@@@.@@@@@@@@..
.................................................................................................................................................................................................................................................................................
..@@@@@@@@.@@@@@@@@.@@@@@@@@.@@@@@@@@.@@@@@@@@.@@@@@@@@.@@@@@@@@.@@@@@@@@.@@@@@@@@.@@@@@@@@.@@@@@@@@.@@@@@@@@.@@@@@@@@.@@@@@@@@.@@@@@@@@.@@@@@@@@.@@@@@@@@.@@@@@@@@.@@@@@@@@.@@@@@@@@.@@@@@@@@.@@@@@@@@.@@@@@@@@.@@@@@@@@.@@@@@@@@.@@@@@@@@.@@@@@@@@.@@@@@@@@.@@@@@@@@.@@@@@@@@..
..@@@@@@@@.@@@@@@@@.@@@@@@@@.@@@@@@@@.@@@@@@@@.@@@@@@@@.@@@@@@@@.@@@@@@@@.@@@@@@@@.@@@@@@@@.@@@@@@@@.@@@@@@@@.@@@@@@@@.@@@@@@@@.@@@@@@@@.@@@@@@@@.@@@@@@@@.@@@@@@@@.@@@@@@@@.@@@@@@@@.@@@@@@@@.@@@@@@@@.@@@@@@@@.@@@@@@@@.@@@@@@@@.@@@@@@@@.@@@@@@@@.@@@@@@@@.@@@@@@@@.@@@@@@@@..
.................................................................................................................................................................................................................................................................................
..@@@@@@@@.@@@@@@@@.@@@@@@@@.@@@@@@@@.@@@@@@@@.@@@@@@@@.@@@@@@@@.@@@@@@@@.@@@@@@@@.@@@@@@@@.@@@@@@@@.@@@@@@@@.@@@@@@@@.@@@@@@@@.@@@@@@@@.@@@@@@@@.@@@@@@@@.@@@@@@@@.@@@@@@@@.@@@@@@@@.@@@@@@@@.@@@@@@@@.@@@@@@@@.@@@@@@@@.@@@@@@@@.@@@@@@@@.@@@@@@@@.@@@@@@@@.@@@@@@@@.@@@@@@@@..